
> sqld-pass@0.1.0 test:monetization
> tsc -p tsconfig.core.json && node --test tests/monetization*.test.cjs

✔ native adapter source transpiles without syntax diagnostics (1.2094ms)
✔ off mode does not load SDK or invent a reward (1.4402ms)
✔ consent denial prevents SDK initialization and ad display (0.9003ms)
✔ consent errors fail closed (0.8621ms)
✔ closed event alone is not an earned reward (5.8017ms)
✔ earned reward is persisted before closed promise resolves (1.4181ms)
✔ load timeout does not reward (1.7966ms)
✔ error event does not reward (1.6383ms)
✔ late earned event after close is ignored (1.7505ms)
✔ concurrent native ad requests are rejected (1.7609ms)
✔ privacy change disables future banners (1.3109ms)
✔ banner requests have startup delay, spacing and session cap (0.9301ms)
✔ background blocks new ad requests (0.7415ms)
✔ default configuration is off (0.2239ms)
✔ test configuration uses official sample app IDs (0.1792ms)
✔ production cannot use test advertising (0.2499ms)
✔ live configuration requires explicit owner activation (0.1042ms)
✔ live configuration rejects missing or test unit IDs (0.1033ms)
✔ invalid ad mode is rejected by the build (0.0849ms)
✔ free exam 1 is accessible offline (2.4746ms)
✔ free exam 2 is accessible offline (0.1802ms)
✔ free exam 3 is accessible offline (0.1424ms)
✔ free exam 4 is accessible offline (0.1252ms)
✔ all additional exams are locked by default (0.3738ms)
✔ unknown IDs are never granted (0.4239ms)
✔ reward preparation never unlocks (0.1783ms)
✔ earned event grants only the selected exam (0.2135ms)
✔ live grants persist with ads off and no expiry (0.2721ms)
✔ test grants do not open production exams (0.2497ms)
✔ wrong request ID cannot earn a reward (0.2112ms)
✔ wrong exam ID cannot earn a reward (0.1545ms)
✔ wrong mode cannot earn a reward (0.2543ms)
✔ duplicate reward is idempotent (0.1144ms)
✔ cancelled pending requests do not grant (0.1362ms)
✔ legacy attempts retain access once (1.1028ms)
✔ malformed wallet is not silently replaced (0.1553ms)
✔ new wallet state survives core parsing (1.0277ms)
✔ no banner on lesson (0.1295ms)
✔ no banner on practice (0.0663ms)
✔ no banner on review (0.047ms)
✔ no banner on exams (0.0583ms)
✔ no banner on exam (0.0582ms)
✔ no banner on sheet (0.0505ms)
✔ no banner on result (0.2217ms)
✔ no banner on examReview (0.0716ms)
✔ no banner on setup (0.0673ms)
✔ no banner on welcome (0.0683ms)
✔ no banner on help (0.049ms)
✔ no banner on privacy (0.0451ms)
✔ only home and stats can display banners (0.2322ms)
✔ active exam, modal and reward suppress banners globally (0.0976ms)
✔ direct beginExam is gated, not just the button (0.5664ms)
✔ cancel opt-in does not load an ad (0.1546ms)
✔ ad unavailable leaves access unchanged (2.7734ms)
✔ close without earned callback never grants (0.408ms)
✔ reward is saved once and repeat attempt needs no additional ad (1.4629ms)
✔ ad-off configuration never pretends to watch (0.1798ms)
✔ save failure permits retry without watching again (0.4453ms)
✔ learning-only reset preserves the unlock (0.4727ms)
✔ full reset warns and removes grants (0.5436ms)
✔ no reward while a timed exam is active (1.2284ms)
✔ concurrent requests do not show two ads (15.8697ms)
✔ wallet startup migration preserves earlier records (3.4581ms)
✔ UI discloses free and rewarded ranges (6.1353ms)
✔ settings removes obsolete no-ad claim (0.6628ms)
✔ exam screen contains no banner slot (2.2814ms)
ℹ tests 66
ℹ suites 0
ℹ pass 66
ℹ fail 0
ℹ cancelled 0
ℹ skipped 0
ℹ todo 0
ℹ duration_ms 464.8828
