
> sqld-pass@0.1.0 pretest
> node scripts/materialize-content.cjs

{"status":"ready","sha256":"08b6d35d539ed9b7c225befed155b126bf35809c1ec331e1ca12de6576fb0ead","counts":{"lessons":60,"practice":120,"exams":20,"examQuestions":1000,"questions":1120,"days":30}}

> sqld-pass@0.1.0 test
> tsc -p tsconfig.core.json && node --test tests/*.test.cjs

✔ complete independent synthetic fixture validates (19.3293ms)
✔ placeholder is never complete (1.5691ms)
✔ empty lesson list (2.229ms)
✔ missing question (1.1214ms)
✔ duplicate lesson ID (1.1357ms)
✔ question key differs from ID (3.7936ms)
✔ empty theory body (1.2166ms)
✔ unknown prerequisite (1.0624ms)
✔ self prerequisite (1.8296ms)
✔ unknown source reference (1.2878ms)
✔ missing answer choice (1.7073ms)
✔ duplicate choice ID (2.1653ms)
✔ empty choice text (1.8605ms)
✔ missing explanation (2.4333ms)
✔ missing per-option explanation (1.4776ms)
✔ unknown related lesson (2.5186ms)
✔ SQL not a string (1.8528ms)
✔ table row width mismatch (2.8649ms)
✔ exam with 49 questions (4.778ms)
✔ duplicate exam question (3.8223ms)
✔ exam questions from another set (6.6802ms)
✔ assessment mixed into practice (1.1446ms)
✔ wrong subject ratio (3.6237ms)
✔ invalid subject (3.2984ms)
✔ wrong duration (3.5765ms)
✔ duplicate exam order (3.3731ms)
✔ wrong canonical exam order (4.1794ms)
✔ duplicate study day (3.4388ms)
✔ unknown daily lesson (4.4748ms)
✔ rewarded exam inserted into free curriculum (6.9052ms)
✔ curriculum omits lessons (6.0701ms)
✔ lying manifest counts (3.6604ms)
✔ non-boolean review flag (6.9388ms)
✔ byte-identical pack matches pinned lock (23.5004ms)
✔ same-length text edit fails SHA check (23.223ms)
✔ review flag change cannot silently change approval (17.2001ms)
✔ lock content version must agree (22.3675ms)
✔ lock provenance must agree (19.114ms)
✔ invalid UTF-8 is rejected (0.1848ms)
✔ gzip expansion is bounded (45.4664ms)
✔ missing archive is pending only for source editing (9.854ms)
✔ missing archive blocks required native build (12.0076ms)
✔ valid gzip replaces placeholder with identical bytes (44.7962ms)
✔ already materialized exact content works without archive (27.0861ms)
✔ corrupt archive leaves previous content untouched (15.9074ms)
✔ conflicting secondary archive is not ignored (33.6226ms)
✔ valid raw import creates a decompressible archive (62.0398ms)
✔ invalid raw import leaves both destinations unchanged (22.2045ms)
✔ repeated materialize is idempotent (79.6075ms)
✔ atomic write leaves no temporary files (7.5447ms)
✔ failed rename cleans temporary file (4.8546ms)
✔ 50문항 10+40 구성에서 전부 정답이면 100점 (4.5301ms)
✔ 총점이 높아도 1과목 최소 기준 미달이면 연습 기준 미충족 (1.9496ms)
✔ 목표일은 오늘 이후의 실제 YYYY-MM-DD만 허용 (1.3628ms)
✔ authored payload identity is unchanged (7.6862ms)
✔ Markdown headings and fenced SQL are semantic nodes (0.8946ms)
✔ pipe table handles escaped pipes without splitting data (1.2044ms)
✔ SQL text and HTML are not interpreted as executable markup (0.2152ms)
✔ zero, NULL, empty string and missing cell remain distinct (0.2053ms)
✔ all dialect names remain explicit (16.5709ms)
✔ body keywords are searchable, not just titles (13.0407ms)
✔ Hangul NULL alias and subject filters both apply (4.1886ms)
✔ catalog empty search has reset action (7.3892ms)
✔ bookmark filter shows only selected theory (1.9276ms)
✔ every day exposes all assigned lessons rather than only first (10.0582ms)
✔ current day can collapse and reopen (3.7286ms)
✔ all 60 lesson bodies and examples render without changing source (19.313ms)
✔ read status and confirmation progress are separate (0.3273ms)
✔ all 120 confirmation screens withhold rationale before submission (14.6393ms)
✔ explicit submission reveals explanation and related theory (4.3207ms)
✔ practice has only one sticky submit/next primary action (0.6574ms)
✔ radio semantics include selection and non-color status (0.5274ms)
✔ unfinished practice resumes without discarding a selection (0.5568ms)
✔ available exam filter lists exactly the free four in ads-off mode (1.6399ms)
✔ locked exam action opens opt-in dialog, not an attempt (0.7227ms)
✔ active exam disables starting other sets without touching access policy (1.9305ms)
✔ all 1000 timed exam screens withhold answers and explanations (110.0322ms)
✔ exam scroll key changes on next question but not timer ticks (2.8329ms)
✔ exam clears selected answer without removing independent flag (4.2323ms)
✔ sheet differentiates answered and flagged; jumps to first unanswered (8.48ms)
✔ submitting from sheet still requires confirmation (2.039ms)
✔ result shows subject minimums and time-trust caveat (2.9805ms)
✔ wrong-only review uses saved exam snapshots in order (2.0685ms)
✔ perfect score disables wrong-only action and has an empty filter state (2.3587ms)
✔ result review does not use a newly changed current question answer (1.4698ms)
✔ reward processing locks all updated buttons (1.2815ms)
✔ reward save retry control survives screen replacement (0.5311ms)
✔ font controls only persist supported scale and preserve grants (1.1564ms)
✔ rendering is deterministic and has no state persistence side effects (12.3736ms)
✔ failed practice answer save does not display a new answer key (0.8798ms)
✔ startup failures are left intact, not hidden by new presentation (0.5028ms)
✔ native adapter source transpiles without syntax diagnostics (3.0784ms)
✔ off mode does not load SDK or invent a reward (4.8582ms)
✔ consent denial prevents SDK initialization and ad display (1.3752ms)
✔ consent errors fail closed (1.4323ms)
✔ closed event alone is not an earned reward (49.6527ms)
✔ earned reward is persisted before closed promise resolves (2.5005ms)
✔ load timeout does not reward (3.7326ms)
✔ error event does not reward (7.6563ms)
✔ late earned event after close is ignored (1.4438ms)
✔ concurrent native ad requests are rejected (3.2713ms)
✔ privacy change disables future banners (1.7642ms)
✔ banner requests have startup delay, spacing and session cap (3.154ms)
✔ background blocks new ad requests (1.854ms)
✔ default configuration is off (0.6359ms)
✔ test configuration uses official sample app IDs (0.2443ms)
✔ production cannot use test advertising (0.4162ms)
✔ live configuration requires explicit owner activation (0.1078ms)
✔ live configuration rejects missing or test unit IDs (0.1019ms)
✔ invalid ad mode is rejected by the build (0.0818ms)
✔ free exam 1 is accessible offline (2.6966ms)
✔ free exam 2 is accessible offline (0.2073ms)
✔ free exam 3 is accessible offline (0.1519ms)
✔ free exam 4 is accessible offline (0.1192ms)
✔ all additional exams are locked by default (0.374ms)
✔ unknown IDs are never granted (0.5583ms)
✔ reward preparation never unlocks (0.4061ms)
✔ earned event grants only the selected exam (0.3549ms)
✔ live grants persist with ads off and no expiry (0.2932ms)
✔ test grants do not open production exams (0.2779ms)
✔ wrong request ID cannot earn a reward (0.2336ms)
✔ wrong exam ID cannot earn a reward (0.1924ms)
✔ wrong mode cannot earn a reward (1.5683ms)
✔ duplicate reward is idempotent (0.1483ms)
✔ cancelled pending requests do not grant (0.1415ms)
✔ legacy attempts retain access once (0.9357ms)
✔ malformed wallet is not silently replaced (0.1446ms)
✔ new wallet state survives core parsing (1.087ms)
✔ no banner on lesson (0.1109ms)
✔ no banner on practice (0.0503ms)
✔ no banner on review (0.0561ms)
✔ no banner on exams (0.0573ms)
✔ no banner on exam (0.054ms)
✔ no banner on sheet (0.0512ms)
✔ no banner on result (0.0411ms)
✔ no banner on examReview (0.0408ms)
✔ no banner on setup (0.1558ms)
✔ no banner on welcome (0.0626ms)
✔ no banner on help (0.0608ms)
✔ no banner on privacy (0.0534ms)
✔ only home and stats can display banners (0.173ms)
✔ active exam, modal and reward suppress banners globally (0.0878ms)
✔ direct beginExam is gated, not just the button (0.5728ms)
✔ cancel opt-in does not load an ad (0.1537ms)
✔ ad unavailable leaves access unchanged (1.5553ms)
✔ close without earned callback never grants (0.3302ms)
✔ reward is saved once and repeat attempt needs no additional ad (4.3949ms)
✔ ad-off configuration never pretends to watch (0.2976ms)
✔ save failure permits retry without watching again (1.8058ms)
✔ learning-only reset preserves the unlock (0.8961ms)
✔ full reset warns and removes grants (0.845ms)
✔ no reward while a timed exam is active (1.3137ms)
✔ concurrent requests do not show two ads (18.4117ms)
✔ wallet startup migration preserves earlier records (3.1949ms)
✔ UI discloses free and rewarded ranges (6.4243ms)
✔ settings removes obsolete no-ad claim (0.5233ms)
✔ exam screen contains no banner slot (5.426ms)
ℹ tests 157
ℹ suites 0
ℹ pass 157
ℹ fail 0
ℹ cancelled 0
ℹ skipped 0
ℹ todo 0
ℹ duration_ms 1596.1759
