
> sqld-pass@0.1.0 test:monetization
> tsc -p tsconfig.core.json && node --test tests/monetization*.test.cjs

✔ native adapter source transpiles without syntax diagnostics (1.0332ms)
✔ off mode does not load SDK or invent a reward (1.4147ms)
✔ consent denial prevents SDK initialization and ad display (0.9242ms)
✔ consent errors fail closed (0.9068ms)
✔ closed event alone is not an earned reward (7.2692ms)
✔ earned reward is persisted before closed promise resolves (1.5424ms)
✔ load timeout does not reward (1.3908ms)
✔ error event does not reward (1.3075ms)
✔ late earned event after close is ignored (1.4277ms)
✔ concurrent native ad requests are rejected (1.464ms)
✔ privacy change disables future banners (1.1356ms)
✔ banner requests have startup delay, spacing and session cap (0.861ms)
✔ background blocks new ad requests (0.6668ms)
✔ default configuration is off (0.2151ms)
✔ test configuration uses official sample app IDs (0.1633ms)
✔ production cannot use test advertising (0.2292ms)
✔ live configuration requires explicit owner activation (0.1035ms)
✔ live configuration rejects missing or test unit IDs (0.1058ms)
✔ invalid ad mode is rejected by the build (0.0958ms)
✔ free exam 1 is accessible offline (2.9393ms)
✔ free exam 2 is accessible offline (0.1947ms)
✔ free exam 3 is accessible offline (0.1708ms)
✔ free exam 4 is accessible offline (0.1244ms)
✔ all additional exams are locked by default (0.3362ms)
✔ unknown IDs are never granted (0.4262ms)
✔ reward preparation never unlocks (0.1766ms)
✔ earned event grants only the selected exam (0.1986ms)
✔ live grants persist with ads off and no expiry (0.2292ms)
✔ test grants do not open production exams (0.3088ms)
✔ wrong request ID cannot earn a reward (0.1963ms)
✔ wrong exam ID cannot earn a reward (1.107ms)
✔ wrong mode cannot earn a reward (0.1562ms)
✔ duplicate reward is idempotent (0.1057ms)
✔ cancelled pending requests do not grant (0.1201ms)
✔ legacy attempts retain access once (0.7935ms)
✔ malformed wallet is not silently replaced (0.1108ms)
✔ new wallet state survives core parsing (0.9171ms)
✔ no banner on lesson (0.1088ms)
✔ no banner on practice (0.0485ms)
✔ no banner on review (0.043ms)
✔ no banner on exams (0.0569ms)
✔ no banner on exam (0.092ms)
✔ no banner on sheet (0.0588ms)
✔ no banner on result (0.0542ms)
✔ no banner on examReview (0.0426ms)
✔ no banner on setup (0.0494ms)
✔ no banner on welcome (0.0522ms)
✔ no banner on help (0.0417ms)
✔ no banner on privacy (0.0392ms)
✔ only home and stats can display banners (0.1716ms)
✔ active exam, modal and reward suppress banners globally (0.0832ms)
✔ direct beginExam is gated, not just the button (0.5305ms)
✔ cancel opt-in does not load an ad (0.1515ms)
✔ ad unavailable leaves access unchanged (0.8851ms)
✔ close without earned callback never grants (0.279ms)
✔ reward is saved once and repeat attempt needs no additional ad (1.6241ms)
✔ ad-off configuration never pretends to watch (0.5112ms)
✔ save failure permits retry without watching again (0.9228ms)
✔ learning-only reset preserves the unlock (0.7868ms)
✔ full reset warns and removes grants (0.6576ms)
✔ no reward while a timed exam is active (1.1549ms)
✔ concurrent requests do not show two ads (17.0595ms)
✔ wallet startup migration preserves earlier records (2.8445ms)
✔ UI discloses free and rewarded ranges (4.8589ms)
✔ settings removes obsolete no-ad claim (0.4418ms)
✔ exam screen contains no banner slot (2.6544ms)
ℹ tests 66
ℹ suites 0
ℹ pass 66
ℹ fail 0
ℹ cancelled 0
ℹ skipped 0
ℹ todo 0
ℹ duration_ms 451.8458
