
> sqld-pass@0.1.0 test:monetization
> tsc -p tsconfig.core.json && node --test tests/monetization*.test.cjs

✔ native adapter source transpiles without syntax diagnostics (1.2927ms)
✔ off mode does not load SDK or invent a reward (1.7188ms)
✔ consent denial prevents SDK initialization and ad display (1.1492ms)
✔ consent errors fail closed (1.0515ms)
✔ closed event alone is not an earned reward (10.2316ms)
✔ earned reward is persisted before closed promise resolves (1.5879ms)
✔ load timeout does not reward (1.4512ms)
✔ error event does not reward (1.3333ms)
✔ late earned event after close is ignored (1.4276ms)
✔ concurrent native ad requests are rejected (1.6234ms)
✔ privacy change disables future banners (1.2473ms)
✔ banner requests have startup delay, spacing and session cap (0.9546ms)
✔ background blocks new ad requests (0.7532ms)
✔ default configuration is off (0.2693ms)
✔ test configuration uses official sample app IDs (0.2125ms)
✔ production cannot use test advertising (0.3146ms)
✔ live configuration requires explicit owner activation (0.1296ms)
✔ live configuration rejects missing or test unit IDs (0.1225ms)
✔ invalid ad mode is rejected by the build (0.096ms)
✔ free exam 1 is accessible offline (2.4622ms)
✔ free exam 2 is accessible offline (0.2269ms)
✔ free exam 3 is accessible offline (0.1539ms)
✔ free exam 4 is accessible offline (0.1184ms)
✔ all additional exams are locked by default (0.3482ms)
✔ unknown IDs are never granted (0.3962ms)
✔ reward preparation never unlocks (0.1859ms)
✔ earned event grants only the selected exam (0.2037ms)
✔ live grants persist with ads off and no expiry (0.2323ms)
✔ test grants do not open production exams (0.2566ms)
✔ wrong request ID cannot earn a reward (0.1935ms)
✔ wrong exam ID cannot earn a reward (0.8729ms)
✔ wrong mode cannot earn a reward (0.1591ms)
✔ duplicate reward is idempotent (0.1031ms)
✔ cancelled pending requests do not grant (0.1154ms)
✔ legacy attempts retain access once (0.8001ms)
✔ malformed wallet is not silently replaced (0.1169ms)
✔ new wallet state survives core parsing (0.9225ms)
✔ no banner on lesson (0.0947ms)
✔ no banner on practice (0.0589ms)
✔ no banner on review (0.0514ms)
✔ no banner on exams (0.0559ms)
✔ no banner on exam (0.0459ms)
✔ no banner on sheet (0.0423ms)
✔ no banner on result (0.0509ms)
✔ no banner on examReview (0.0473ms)
✔ no banner on setup (0.0442ms)
✔ no banner on welcome (0.0463ms)
✔ no banner on help (0.0478ms)
✔ no banner on privacy (0.0403ms)
✔ only home and stats can display banners (0.1448ms)
✔ active exam, modal and reward suppress banners globally (0.0917ms)
✔ direct beginExam is gated, not just the button (0.5474ms)
✔ cancel opt-in does not load an ad (0.1402ms)
✔ ad unavailable leaves access unchanged (1.1779ms)
✔ close without earned callback never grants (0.4304ms)
✔ reward is saved once and repeat attempt needs no additional ad (1.5574ms)
✔ ad-off configuration never pretends to watch (0.3448ms)
✔ save failure permits retry without watching again (1.6633ms)
✔ learning-only reset preserves the unlock (0.4391ms)
✔ full reset warns and removes grants (0.5356ms)
✔ no reward while a timed exam is active (1.4005ms)
✔ concurrent requests do not show two ads (14.3814ms)
✔ wallet startup migration preserves earlier records (3.1282ms)
✔ UI discloses free and rewarded ranges (4.919ms)
✔ settings removes obsolete no-ad claim (0.4463ms)
✔ exam screen contains no banner slot (2.986ms)
ℹ tests 66
ℹ suites 0
ℹ pass 66
ℹ fail 0
ℹ cancelled 0
ℹ skipped 0
ℹ todo 0
ℹ duration_ms 470.121
