PluginError: Cannot find module '@expo/config-plugins'
Require stack:
- D:\SQLD-Pass\node_modules\react-native-google-mobile-ads\plugin\build\index.js
- D:\SQLD-Pass\node_modules\react-native-google-mobile-ads\app.plugin.js
- D:\SQLD-Pass\node_modules\@expo\require-utils\build\load.js
- D:\SQLD-Pass\node_modules\@expo\require-utils\build\index.js
- D:\SQLD-Pass\node_modules\expo\node_modules\@expo\config\build\Config.js
- D:\SQLD-Pass\node_modules\expo\node_modules\@expo\config\build\index.js
- D:\SQLD-Pass\node_modules\expo\node_modules\@expo\cli\build\src\config\configAsync.js
- D:\SQLD-Pass\node_modules\expo\node_modules\@expo\cli\build\src\config\index.js
- D:\SQLD-Pass\node_modules\expo\node_modules\@expo\cli\build\bin\cli
- D:\SQLD-Pass\node_modules\expo\bin\cli
Error: Cannot find module '@expo/config-plugins'
Require stack:
- D:\SQLD-Pass\node_modules\react-native-google-mobile-ads\plugin\build\index.js
- D:\SQLD-Pass\node_modules\react-native-google-mobile-ads\app.plugin.js
- D:\SQLD-Pass\node_modules\@expo\require-utils\build\load.js
- D:\SQLD-Pass\node_modules\@expo\require-utils\build\index.js
- D:\SQLD-Pass\node_modules\expo\node_modules\@expo\config\build\Config.js
- D:\SQLD-Pass\node_modules\expo\node_modules\@expo\config\build\index.js
- D:\SQLD-Pass\node_modules\expo\node_modules\@expo\cli\build\src\config\configAsync.js
- D:\SQLD-Pass\node_modules\expo\node_modules\@expo\cli\build\src\config\index.js
- D:\SQLD-Pass\node_modules\expo\node_modules\@expo\cli\build\bin\cli
- D:\SQLD-Pass\node_modules\expo\bin\cli
    at Module._resolveFilename (node:internal/modules/cjs/loader:1500:15)
    at wrapResolveFilename (node:internal/modules/cjs/loader:1071:27)
    at defaultResolveImplForCJSLoading (node:internal/modules/cjs/loader:1095:10)
    at resolveForCJSWithHooks (node:internal/modules/cjs/loader:1116:12)
    at Module._load (node:internal/modules/cjs/loader:1285:25)
    at wrapModuleLoad (node:internal/modules/cjs/loader:255:19)
    at Module.require (node:internal/modules/cjs/loader:1600:12)
    at require (node:internal/modules/helpers:153:16)
    at Object.<anonymous> (D:\SQLD-Pass\node_modules\react-native-google-mobile-ads\plugin\build\index.js:3:26)
    at Module._compile (node:internal/modules/cjs/loader:1854:14)
