
> sqld-pass@0.1.0 test:monetization
> tsc -p tsconfig.core.json && node --test tests/monetization*.test.cjs

✔ native adapter source transpiles without syntax diagnostics (1.6813ms)
✔ off mode does not load SDK or invent a reward (2.1301ms)
✔ consent denial prevents SDK initialization and ad display (1.4233ms)
✔ consent errors fail closed (1.2755ms)
✔ closed event alone is not an earned reward (13.7443ms)
✔ earned reward is persisted before closed promise resolves (1.9143ms)
✔ load timeout does not reward (1.8612ms)
✔ error event does not reward (1.6102ms)
✔ late earned event after close is ignored (3.1187ms)
✔ concurrent native ad requests are rejected (2.8656ms)
✔ privacy change disables future banners (1.6044ms)
✔ banner requests have startup delay, spacing and session cap (1.2183ms)
✔ background blocks new ad requests (0.9691ms)
✔ default configuration is off (0.2962ms)
✔ test configuration uses official sample app IDs (0.2398ms)
✔ production cannot use test advertising (0.3584ms)
✔ live configuration requires explicit owner activation (0.1394ms)
✔ live configuration rejects missing or test unit IDs (0.1465ms)
✔ invalid ad mode is rejected by the build (0.123ms)
✔ free exam 1 is accessible offline (2.5428ms)
✔ free exam 2 is accessible offline (0.1829ms)
✔ free exam 3 is accessible offline (0.4172ms)
✔ free exam 4 is accessible offline (0.4322ms)
✔ all additional exams are locked by default (0.7628ms)
✔ unknown IDs are never granted (0.4828ms)
✔ reward preparation never unlocks (0.1994ms)
✔ earned event grants only the selected exam (0.2225ms)
✔ live grants persist with ads off and no expiry (0.5689ms)
✔ test grants do not open production exams (0.3257ms)
✔ wrong request ID cannot earn a reward (0.1965ms)
✔ wrong exam ID cannot earn a reward (0.1702ms)
✔ wrong mode cannot earn a reward (1.0141ms)
✔ duplicate reward is idempotent (0.1073ms)
✔ cancelled pending requests do not grant (0.1261ms)
✔ legacy attempts retain access once (0.8019ms)
✔ malformed wallet is not silently replaced (0.1101ms)
✔ new wallet state survives core parsing (0.9164ms)
✔ no banner on lesson (0.0998ms)
✔ no banner on practice (0.0467ms)
✔ no banner on review (0.0432ms)
✔ no banner on exams (0.054ms)
✔ no banner on exam (0.0556ms)
✔ no banner on sheet (0.0497ms)
✔ no banner on result (0.0496ms)
✔ no banner on examReview (0.0408ms)
✔ no banner on setup (0.0441ms)
✔ no banner on welcome (0.0514ms)
✔ no banner on help (0.0416ms)
✔ no banner on privacy (0.0685ms)
✔ only home and stats can display banners (0.1589ms)
✔ active exam, modal and reward suppress banners globally (0.1151ms)
✔ direct beginExam is gated, not just the button (0.5468ms)
✔ cancel opt-in does not load an ad (0.1508ms)
✔ ad unavailable leaves access unchanged (0.9493ms)
✔ close without earned callback never grants (0.3155ms)
✔ reward is saved once and repeat attempt needs no additional ad (1.4893ms)
✔ ad-off configuration never pretends to watch (0.1982ms)
✔ save failure permits retry without watching again (0.4691ms)
✔ learning-only reset preserves the unlock (0.4871ms)
✔ full reset warns and removes grants (0.5422ms)
✔ no reward while a timed exam is active (1.1122ms)
✔ concurrent requests do not show two ads (15.2202ms)
✔ wallet startup migration preserves earlier records (3.1772ms)
✔ UI discloses free and rewarded ranges (5.8458ms)
✔ settings removes obsolete no-ad claim (0.5007ms)
✔ exam screen contains no banner slot (2.0409ms)
ℹ tests 66
ℹ suites 0
ℹ pass 66
ℹ fail 0
ℹ cancelled 0
ℹ skipped 0
ℹ todo 0
ℹ duration_ms 535.8366
